// Jest Snapshot v1, https://goo.gl/fbAQLP

exports[`Item Component matches snapshot 1`] = `
<div
  className="sc-AxjAm ixIUib"
  onClick={[Function]}
/>
`;
